Build started 09/22/2025 05:23:58.
     1>Project "/home/runner/work/WeihanLi.Common/WeihanLi.Common/src/WeihanLi.Common/WeihanLi.Common.csproj" on node 1 (Restore target(s)).
     1>_GetAllRestoreProjectPathItems:
         Determining projects to restore...
       Restore:
         X.509 certificate chain validation will use the fallback certificate bundle at '/home/runner/.dotnet/sdk/9.0.101/trustedroots/codesignctl.pem'.
         X.509 certificate chain validation will use the fallback certificate bundle at '/home/runner/.dotnet/sdk/9.0.101/trustedroots/timestampctl.pem'.
         Assets file has not changed. Skipping assets file writing. Path: /home/runner/work/WeihanLi.Common/WeihanLi.Common/artifacts/obj/WeihanLi.Common/project.assets.json
         Restored /home/runner/work/WeihanLi.Common/WeihanLi.Common/src/WeihanLi.Common/WeihanLi.Common.csproj (in 27 ms).
         
         NuGet Config files used:
             /home/runner/work/WeihanLi.Common/WeihanLi.Common/nuget.config
             /home/runner/.nuget/NuGet/NuGet.Config
         
         Feeds used:
             https://api.nuget.org/v3/index.json
         All projects are up-to-date for restore.
     1>Done Building Project "/home/runner/work/WeihanLi.Common/WeihanLi.Common/src/WeihanLi.Common/WeihanLi.Common.csproj" (Restore target(s)).

Build succeeded.
    0 Warning(s)
    0 Error(s)

Time Elapsed 00:00:00.97
Build started 09/22/2025 05:23:59.
     1>Project "/home/runner/work/WeihanLi.Common/WeihanLi.Common/src/WeihanLi.Common/WeihanLi.Common.csproj" on node 1 (default targets).
     1>CoreResGen:
         No resources are out of date with respect to their source files. Skipping resource generation.
       GenerateTargetFrameworkMonikerAttribute:
       Skipping target "GenerateTargetFrameworkMonikerAttribute" because all output files are up-to-date with respect to the input files.
       CoreGenerateAssemblyInfo:
       Skipping target "CoreGenerateAssemblyInfo" because all output files are up-to-date with respect to the input files.
       _GenerateSourceLinkFile:
         Source Link file '/home/runner/work/WeihanLi.Common/WeihanLi.Common/artifacts/obj/WeihanLi.Common/release_net9.0/WeihanLi.Common.sourcelink.json' is up-to-date.
       CoreCompile:
       Skipping target "CoreCompile" because all output files are up-to-date with respect to the input files.
       GenerateBuildDependencyFile:
       Skipping target "GenerateBuildDependencyFile" because all output files are up-to-date with respect to the input files.
       CopyFilesToOutputDirectory:
         WeihanLi.Common -> /home/runner/work/WeihanLi.Common/WeihanLi.Common/artifacts/bin/WeihanLi.Common/release_net9.0/WeihanLi.Common.dll
     1>Done Building Project "/home/runner/work/WeihanLi.Common/WeihanLi.Common/src/WeihanLi.Common/WeihanLi.Common.csproj" (default targets).

Build succeeded.
    0 Warning(s)
    0 Error(s)

Time Elapsed 00:00:00.36
